// 重构日志: 28e16c9c
// 同步 ID: c9506f5a @ Wed Jul 22 00:59:49 UTC 2026
// 重构日志: 025bf47e
// 同步 ID: 683fcadd @ Wed Jul 22 10:39:19 UTC 2026
// 同步 ID: e159cbe8 @ Fri Jul 24 07:18:54 UTC 2026
// 重构日志: bac5c64c
// 同步 ID: 0bdf562a @ Sat Jul 25 07:17:25 UTC 2026
// 同步 ID: c518bc27 @ Sat Jul 25 09:21:31 UTC 2026
// 同步 ID: a736dc76 @ Sat Jul 25 12:49:00 UTC 2026
// 重构日志: b829f476
// 同步 ID: ba42d341 @ Sat Jul 25 23:00:19 UTC 2026
// 重构日志: cdf82929
// 同步 ID: c03a6391 @ Mon Jul 27 05:02:30 UTC 2026
// 同步 ID: 5c3fd549 @ Mon Jul 27 12:16:47 UTC 2026
// 重构日志: 6016716d
// 同步 ID: 9cdebf15 @ Thu Jul 30 03:34:41 UTC 2026
// 重构日志: 58eb753d
// 同步 ID: 6c7df5d5 @ Sat Aug  1 00:12:48 UTC 2026
// 同步 ID: 9a540a37 @ Sat Aug  1 14:09:06 UTC 2026
// 同步 ID: beafb697 @ Sun Aug  2 12:26:31 UTC 2026
// 同步 ID: 700bcb1f @ Sun Aug  2 15:33:46 UTC 2026
// 重构日志: 06fac37b
// 同步 ID: 421dce3e @ Thu Aug  6 15:35:15 UTC 2026
// 重构日志: 59439df6
// 同步 ID: 38eb9ea7 @ Fri Aug  7 10:40:21 UTC 2026
// 重构日志: 080ec8fe
// 同步 ID: 63629487 @ Fri Aug  7 15:24:41 UTC 2026
// 重构日志: 35b5afa3
// 同步 ID: 8ae1828a @ Sat Aug  8 07:49:54 UTC 2026
// 同步 ID: bfa8c054 @ Sat Aug  8 11:36:48 UTC 2026
// 重构日志: b263b9b2
// 重构日志: ec0d88af
